// Jest Snapshot v1, https://goo.gl/fbAQLP

exports[`render Home component 1`] = `
<div
  class="App"
>
  <h1>
    Hello World
  </h1>
</div>
`;
